[    0.000000] Linux version 4.15.0-88-generic (buildd@lgw01-amd64-036) (gcc version 7.4.0 (Ubuntu 7.4.0-1ubuntu1~18.04.1)) #88-Ubuntu SMP Tue Feb 11 20:11:34 UTC 2020 (Ubuntu 4.15.0-88.88-generic 4.15.18)
[    0.000000] Command line: BOOT_IMAGE=/boot/vmlinuz-4.15.0-88-generic root=LABEL=cloudimg-rootfs ro console=tty1 console=ttyS0
[    0.000000] KERNEL supported cpus:
[    0.000000]   Intel GenuineIntel
[    0.000000]   AMD AuthenticAMD
[    0.000000]   Centaur CentaurHauls
[    0.000000] x86/fpu: Supporting XSAVE feature 0x001: 'x87 floating point registers'
[    0.000000] x86/fpu: Supporting XSAVE feature 0x002: 'SSE registers'
[    0.000000] x86/fpu: Supporting XSAVE feature 0x004: 'AVX registers'
[    0.000000] x86/fpu: xstate_offset[2]:  576, xstate_sizes[2]:  256
[    0.000000] x86/fpu: Enabled xstate features 0x7, context size is 832 bytes, using 'standard' format.
[    0.000000] e820: BIOS-provided physical RAM map:
[    0.000000] BIOS-e820: [mem 0x0000000000000000-0x000000000009fbff] usable
[    0.000000] BIOS-e820: [mem 0x000000000009fc00-0x000000000009ffff] reserved
[    0.000000] BIOS-e820: [mem 0x00000000000f0000-0x00000000000fffff] reserved
[    0.000000] BIOS-e820: [mem 0x0000000000100000-0x000000003ffeffff] usable
[    0.000000] BIOS-e820: [mem 0x000000003fff0000-0x000000003fffffff] ACPI data
[    0.000000] BIOS-e820: [mem 0x00000000fec00000-0x00000000fec00fff] reserved
[    0.000000] BIOS-e820: [mem 0x00000000fee00000-0x00000000fee00fff] reserved
[    0.000000] BIOS-e820: [mem 0x00000000fffc0000-0x00000000ffffffff] reserved
[    0.000000] NX (Execute Disable) protection: active
[    0.000000] SMBIOS 2.5 present.
[    0.000000] DMI: innotek GmbH VirtualBox/VirtualBox, BIOS VirtualBox 12/01/2006
[    0.000000] Hypervisor detected: KVM
[    0.000000] e820: last_pfn = 0x3fff0 max_arch_pfn = 0x400000000
[    0.000000] MTRR: Disabled
[    0.000000] x86/PAT: MTRRs disabled, skipping PAT initialization too.
[    0.000000] CPU MTRRs all blank - virtualized system.
[    0.000000] x86/PAT: Configuration [0-7]: WB  WT  UC- UC  WB  WT  UC- UC  
[    0.000000] found SMP MP-table at [mem 0x0009fff0-0x0009ffff]
[    0.000000] Scanning 1 areas for low memory corruption
[    0.000000] RAMDISK: [mem 0x35a6d000-0x36d2dfff]
[    0.000000] ACPI: Early table checksum verification disabled
[    0.000000] ACPI: RSDP 0x00000000000E0000 000024 (v02 VBOX  )
[    0.000000] ACPI: XSDT 0x000000003FFF0030 00003C (v01 VBOX   VBOXXSDT 00000001 ASL  00000061)
[    0.000000] ACPI: FACP 0x000000003FFF00F0 0000F4 (v04 VBOX   VBOXFACP 00000001 ASL  00000061)
[    0.000000] ACPI: DSDT 0x000000003FFF0470 002325 (v02 VBOX   VBOXBIOS 00000002 INTL 20100528)
[    0.000000] ACPI: FACS 0x000000003FFF0200 000040
[    0.000000] ACPI: FACS 0x000000003FFF0200 000040
[    0.000000] ACPI: APIC 0x000000003FFF0240 00005C (v02 VBOX   VBOXAPIC 00000001 ASL  00000061)
[    0.000000] ACPI: SSDT 0x000000003FFF02A0 0001CC (v01 VBOX   VBOXCPUT 00000002 INTL 20100528)
[    0.000000] No NUMA configuration found
[    0.000000] Faking a node at [mem 0x0000000000000000-0x000000003ffeffff]
[    0.000000] NODE_DATA(0) allocated [mem 0x3ffc5000-0x3ffeffff]
[    0.000000] kvm-clock: cpu 0, msr 0:3ff44001, primary cpu clock
[    0.000000] kvm-clock: Using msrs 4b564d01 and 4b564d00
[    0.000000] kvm-clock: using sched offset of 7715765827 cycles
[    0.000000] clocksource: kvm-clock: mask: 0xffffffffffffffff max_cycles: 0x1cd42e4dffb, max_idle_ns: 881590591483 ns
[    0.000000] Zone ranges:
[    0.000000]   DMA      [mem 0x0000000000001000-0x0000000000ffffff]
[    0.000000]   DMA32    [mem 0x0000000001000000-0x000000003ffeffff]
[    0.000000]   Normal   empty
[    0.000000]   Device   empty
[    0.000000] Movable zone start for each node
[    0.000000] Early memory node ranges
[    0.000000]   node   0: [mem 0x0000000000001000-0x000000000009efff]
[    0.000000]   node   0: [mem 0x0000000000100000-0x000000003ffeffff]
[    0.000000] Reserved but unavailable: 98 pages
[    0.000000] Initmem setup node 0 [mem 0x0000000000001000-0x000000003ffeffff]
[    0.000000] ACPI: PM-Timer IO Port: 0x4008
[    0.000000] IOAPIC[0]: apic_id 2, version 32, address 0xfec00000, GSI 0-23
[    0.000000] ACPI: INT_SRC_OVR (bus 0 bus_irq 0 global_irq 2 dfl dfl)
[    0.000000] ACPI: INT_SRC_OVR (bus 0 bus_irq 9 global_irq 9 low level)
[    0.000000] Using ACPI (MADT) for SMP configuration information
[    0.000000] smpboot: Allowing 2 CPUs, 0 hotplug CPUs
[    0.000000] PM: Registered nosave memory: [mem 0x00000000-0x00000fff]
[    0.000000] PM: Registered nosave memory: [mem 0x0009f000-0x0009ffff]
[    0.000000] PM: Registered nosave memory: [mem 0x000a0000-0x000effff]
[    0.000000] PM: Registered nosave memory: [mem 0x000f0000-0x000fffff]
[    0.000000] e820: [mem 0x40000000-0xfebfffff] available for PCI devices
[    0.000000] Booting paravirtualized kernel on KVM
[    0.000000] clocksource: refined-jiffies: mask: 0xffffffff max_cycles: 0xffffffff, max_idle_ns: 7645519600211568 ns
[    0.000000] random: get_random_bytes called from start_kernel+0x99/0x4fd with crng_init=0
[    0.000000] setup_percpu: NR_CPUS:8192 nr_cpumask_bits:2 nr_cpu_ids:2 nr_node_ids:1
[    0.000000] percpu: Embedded 45 pages/cpu s147456 r8192 d28672 u1048576
[    0.000000] PV qspinlock hash table entries: 256 (order: 0, 4096 bytes)
[    0.000000] Built 1 zonelists, mobility grouping on.  Total pages: 257913
[    0.000000] Policy zone: DMA32
[    0.000000] Kernel command line: BOOT_IMAGE=/boot/vmlinuz-4.15.0-88-generic root=LABEL=cloudimg-rootfs ro console=tty1 console=ttyS0
[    0.000000] Memory: 983068K/1048120K available (12300K kernel code, 2481K rwdata, 4264K rodata, 2428K init, 2712K bss, 65052K reserved, 0K cma-reserved)
[    0.000000] SLUB: HWalign=64, Order=0-3, MinObjects=0, CPUs=2, Nodes=1
[    0.000000] Kernel/User page tables isolation: enabled
[    0.000000] ftrace: allocating 39344 entries in 154 pages
[    0.004000] Hierarchical RCU implementation.
[    0.004000] 	RCU restricting CPUs from NR_CPUS=8192 to nr_cpu_ids=2.
[    0.004000] 	Tasks RCU enabled.
[    0.004000] RCU: Adjusting geometry for rcu_fanout_leaf=16, nr_cpu_ids=2
[    0.004000] NR_IRQS: 524544, nr_irqs: 440, preallocated irqs: 16
[    0.004000] Console: colour VGA+ 80x25
[    0.004000] console [tty1] enabled
[    0.004000] console [ttyS0] enabled
[    0.004000] ACPI: Core revision 20170831
[    0.004000] ACPI: 2 ACPI AML tables successfully acquired and loaded
[    0.004000] APIC: Switch to symmetric I/O mode setup
[    0.004000] x2apic enabled
[    0.004000] Switched APIC routing to physical x2apic.
[    0.005229] ..TIMER: vector=0x30 apic1=0 pin1=2 apic2=-1 pin2=-1
[    0.008005] tsc: Detected 1600.000 MHz processor
[    0.010149] Calibrating delay loop (skipped) preset value.. 3200.00 BogoMIPS (lpj=6400000)
[    0.012008] pid_max: default: 32768 minimum: 301
[    0.016045] Security Framework initialized
[    0.017759] Yama: becoming mindful.
[    0.020038] AppArmor: AppArmor initialized
[    0.023162] Dentry cache hash table entries: 131072 (order: 8, 1048576 bytes)
[    0.024108] Inode-cache hash table entries: 65536 (order: 7, 524288 bytes)
[    0.028031] Mount-cache hash table entries: 2048 (order: 2, 16384 bytes)
[    0.032071] Mountpoint-cache hash table entries: 2048 (order: 2, 16384 bytes)
[    0.037185] Last level iTLB entries: 4KB 64, 2MB 8, 4MB 8
[    0.040009] Last level dTLB entries: 4KB 64, 2MB 0, 4MB 0, 1GB 4
[    0.044008] Spectre V1 : Mitigation: usercopy/swapgs barriers and __user pointer sanitization
[    0.048008] Spectre V2 : Mitigation: Full generic retpoline
[    0.052006] Spectre V2 : Spectre v2 / SpectreRSB mitigation: Filling RSB on context switch
[    0.056010] Speculative Store Bypass: Vulnerable
[    0.062356] MDS: Mitigation: Clear CPU buffers
[    0.064169] Freeing SMP alternatives memory: 36K
[    0.177950] smpboot: CPU0: Intel(R) Core(TM) i5-5250U CPU @ 1.60GHz (family: 0x6, model: 0x3d, stepping: 0x4)
[    0.180120] Performance Events: unsupported p6 CPU model 61 no PMU driver, software events only.
[    0.184124] Hierarchical SRCU implementation.
[    0.188204] NMI watchdog: Perf event create on CPU 0 failed with -2
[    0.192007] NMI watchdog: Perf NMI watchdog permanently disabled
[    0.194286] smp: Bringing up secondary CPUs ...
[    0.196000] x86: Booting SMP configuration:
[    0.196005] .... node  #0, CPUs:      #1
[    0.004000] kvm-clock: cpu 1, msr 0:3ff44041, secondary cpu clock
[    0.203286] smp: Brought up 1 node, 2 CPUs
[    0.204007] smpboot: Max logical packages: 1
[    0.205696] smpboot: Total of 2 processors activated (6400.00 BogoMIPS)
[    0.208175] devtmpfs: initialized
[    0.209325] x86/mm: Memory block size: 128MB
[    0.212224] evm: security.selinux
[    0.213314] evm: security.SMACK64
[    0.216005] evm: security.SMACK64EXEC
[    0.217104] evm: security.SMACK64TRANSMUTE
[    0.218969] evm: security.SMACK64MMAP
[    0.220004] evm: security.apparmor
[    0.221217] evm: security.ima
[    0.222147] evm: security.capability
[    0.224173] clocksource: jiffies: mask: 0xffffffff max_cycles: 0xffffffff, max_idle_ns: 7645041785100000 ns
[    0.228085] futex hash table entries: 512 (order: 3, 32768 bytes)
[    0.234242] pinctrl core: initialized pinctrl subsystem
[    0.236238] RTC time: 18:12:34, date: 03/26/20
[    0.238661] NET: Registered protocol family 16
[    0.240109] audit: initializing netlink subsys (disabled)
[    0.248016] audit: type=2000 audit(1585246362.893:1): state=initialized audit_enabled=0 res=1
[    0.252013] cpuidle: using governor ladder
[    0.253164] cpuidle: using governor menu
[    0.254311] ACPI: bus type PCI registered
[    0.255540] acpiphp: ACPI Hot Plug PCI Controller Driver version: 0.5
[    0.256159] PCI: Using configuration type 1 for base access
[    0.261188] HugeTLB registered 2.00 MiB page size, pre-allocated 0 pages
[    0.264132] ACPI: Added _OSI(Module Device)
[    0.265696] ACPI: Added _OSI(Processor Device)
[    0.268008] ACPI: Added _OSI(3.0 _SCP Extensions)
[    0.269781] ACPI: Added _OSI(Processor Aggregator Device)
[    0.271635] ACPI: Added _OSI(Linux-Dell-Video)
[    0.272009] ACPI: Added _OSI(Linux-Lenovo-NV-HDMI-Audio)
[    0.274058] ACPI: Added _OSI(Linux-HPI-Hybrid-Graphics)
[    0.276547] ACPI: Executed 1 blocks of module-level executable AML code
[    0.301079] ACPI: Interpreter enabled
[    0.304634] ACPI: (supports S0 S5)
[    0.308019] ACPI: Using IOAPIC for interrupt routing
[    0.317052] PCI: Using host bridge windows from ACPI; if necessary, use "pci=nocrs" and report a bug
[    0.320303] ACPI: Enabled 2 GPEs in block 00 to 07
[    0.347943] ACPI: PCI Root Bridge [PCI0] (domain 0000 [bus 00-ff])
[    0.348027] acpi PNP0A03:00: _OSC: OS supports [ASPM ClockPM Segments MSI]
[    0.352935] acpi PNP0A03:00: _OSC: not requesting OS control; OS requires [ExtendedConfig ASPM ClockPM MSI]
[    0.356031] acpi PNP0A03:00: fail to add MMCONFIG information, can't access extended PCI configuration space under this bridge.
[    0.364391] PCI host bridge to bus 0000:00
[    0.368007] pci_bus 0000:00: root bus resource [io  0x0000-0x0cf7 window]
[    0.372011] pci_bus 0000:00: root bus resource [io  0x0d00-0xffff window]
[    0.374172] pci_bus 0000:00: root bus resource [mem 0x000a0000-0x000bffff window]
[    0.376012] pci_bus 0000:00: root bus resource [mem 0x40000000-0xfdffffff window]
[    0.380008] pci_bus 0000:00: root bus resource [bus 00-ff]
[    0.385409] pci 0000:00:01.1: legacy IDE quirk: reg 0x10: [io  0x01f0-0x01f7]
[    0.388011] pci 0000:00:01.1: legacy IDE quirk: reg 0x14: [io  0x03f6]
[    0.392021] pci 0000:00:01.1: legacy IDE quirk: reg 0x18: [io  0x0170-0x0177]
[    0.396011] pci 0000:00:01.1: legacy IDE quirk: reg 0x1c: [io  0x0376]
[    0.434388] pci 0000:00:07.0: quirk: [io  0x4000-0x403f] claimed by PIIX4 ACPI
[    0.436030] pci 0000:00:07.0: quirk: [io  0x4100-0x410f] claimed by PIIX4 SMB
[    0.473000] ACPI: PCI Interrupt Link [LNKA] (IRQs 5 9 10 *11)
[    0.480271] ACPI: PCI Interrupt Link [LNKB] (IRQs 5 9 *10 11)
[    0.483352] ACPI: PCI Interrupt Link [LNKC] (IRQs 5 *9 10 11)
[    0.484276] ACPI: PCI Interrupt Link [LNKD] (IRQs 5 9 10 *11)
[    0.488645] SCSI subsystem initialized
[    0.492136] pci 0000:00:02.0: vgaarb: setting as boot VGA device
[    0.496000] pci 0000:00:02.0: vgaarb: VGA device added: decodes=io+mem,owns=io+mem,locks=none
[    0.496013] pci 0000:00:02.0: vgaarb: bridge control possible
[    0.500008] vgaarb: loaded
[    0.504056] ACPI: bus type USB registered
[    0.506134] usbcore: registered new interface driver usbfs
[    0.508050] usbcore: registered new interface driver hub
[    0.512053] usbcore: registered new device driver usb
[    0.516122] EDAC MC: Ver: 3.0.0
[    0.520119] PCI: Using ACPI for IRQ routing
[    0.522466] NetLabel: Initializing
[    0.524015] NetLabel:  domain hash size = 128
[    0.526875] NetLabel:  protocols = UNLABELED CIPSOv4 CALIPSO
[    0.528039] NetLabel:  unlabeled traffic allowed by default
[    0.532155] clocksource: Switched to clocksource kvm-clock
[    0.551705] VFS: Disk quotas dquot_6.6.0
[    0.553369] VFS: Dquot-cache hash table entries: 512 (order 0, 4096 bytes)
[    0.555919] AppArmor: AppArmor Filesystem Enabled
[    0.557935] pnp: PnP ACPI init
[    0.560825] pnp: PnP ACPI: found 3 devices
[    0.578902] clocksource: acpi_pm: mask: 0xffffff max_cycles: 0xffffff, max_idle_ns: 2085701024 ns
[    0.583008] NET: Registered protocol family 2
[    0.584964] TCP established hash table entries: 8192 (order: 4, 65536 bytes)
[    0.588236] TCP bind hash table entries: 8192 (order: 5, 131072 bytes)
[    0.592789] TCP: Hash tables configured (established 8192 bind 8192)
[    0.596363] UDP hash table entries: 512 (order: 2, 16384 bytes)
[    0.599057] UDP-Lite hash table entries: 512 (order: 2, 16384 bytes)
[    0.603991] NET: Registered protocol family 1
[    0.605597] pci 0000:00:00.0: Limiting direct PCI/PCI transfers
[    0.607954] pci 0000:00:01.0: Activating ISA DMA hang workarounds
[    0.609968] pci 0000:00:02.0: Video device with shadowed ROM at [mem 0x000c0000-0x000dffff]
[    0.612627] Unpacking initramfs...
[    1.171442] Freeing initrd memory: 19204K
[    1.173657] clocksource: tsc: mask: 0xffffffffffffffff max_cycles: 0x171024fa93b, max_idle_ns: 440795253189 ns
[    1.182252] platform rtc_cmos: registered platform RTC device (no PNP device found)
[    1.187235] Scanning for low memory corruption every 60 seconds
[    1.196599] Initialise system trusted keyrings
[    1.198986] Key type blacklist registered
[    1.200492] workingset: timestamp_bits=36 max_order=18 bucket_order=0
[    1.209580] zbud: loaded
[    1.211457] squashfs: version 4.0 (2009/01/31) Phillip Lougher
[    1.214452] fuse init (API version 7.26)
[    1.221632] Key type asymmetric registered
[    1.223201] Asymmetric key parser 'x509' registered
[    1.225155] Block layer SCSI generic (bsg) driver version 0.4 loaded (major 246)
[    1.227568] io scheduler noop registered
[    1.229459] io scheduler deadline registered
[    1.230860] io scheduler cfq registered (default)
[    1.233044] ACPI: AC Adapter [AC] (on-line)
[    1.234368] input: Power Button as /devices/LNXSYSTM:00/LNXPWRBN:00/input/input0
[    1.237582] ACPI: Power Button [PWRF]
[    1.239187] input: Sleep Button as /devices/LNXSYSTM:00/LNXSLPBN:00/input/input1
[    1.251327] ACPI: Sleep Button [SLPF]
[    1.256685] Serial: 8250/16550 driver, 32 ports, IRQ sharing enabled
[    1.262198] ACPI: Battery Slot [BAT0] (battery present)
[    1.287755] 00:02: ttyS0 at I/O 0x3f8 (irq = 4, base_baud = 115200) is a 16550A
[    1.298923] Linux agpgart interface v0.103
[    1.302722] loop: module loaded
[    1.304793] scsi host0: ata_piix
[    1.307182] scsi host1: ata_piix
[    1.310129] ata1: PATA max UDMA/33 cmd 0x1f0 ctl 0x3f6 bmdma 0xd000 irq 14
[    1.328621] ata2: PATA max UDMA/33 cmd 0x170 ctl 0x376 bmdma 0xd008 irq 15
[    1.332179] libphy: Fixed MDIO Bus: probed
[    1.337044] tun: Universal TUN/TAP device driver, 1.6
[    1.345634] PPP generic driver version 2.4.2
[    1.347503] ehci_hcd: USB 2.0 'Enhanced' Host Controller (EHCI) Driver
[    1.351331] ehci-pci: EHCI PCI platform driver
[    1.355174] ehci-platform: EHCI generic platform driver
[    1.357912] ohci_hcd: USB 1.1 'Open' Host Controller (OHCI) Driver
[    1.361613] ohci-pci: OHCI PCI platform driver
[    1.366279] ohci-platform: OHCI generic platform driver
[    1.369036] uhci_hcd: USB Universal Host Controller Interface driver
[    1.371961] i8042: PNP: PS/2 Controller [PNP0303:PS2K,PNP0f03:PS2M] at 0x60,0x64 irq 1,12
[    1.378876] serio: i8042 KBD port at 0x60,0x64 irq 1
[    1.387423] serio: i8042 AUX port at 0x60,0x64 irq 12
[    1.391784] mousedev: PS/2 mouse device common for all mice
[    1.397018] input: AT Translated Set 2 keyboard as /devices/platform/i8042/serio0/input/input2
[    1.410313] rtc_cmos rtc_cmos: rtc core: registered rtc_cmos as rtc0
[    1.413489] rtc_cmos rtc_cmos: alarms up to one day, 114 bytes nvram
[    1.416249] i2c /dev entries driver
[    1.423873] device-mapper: uevent: version 1.0.3
[    1.427095] device-mapper: ioctl: 4.37.0-ioctl (2017-09-20) initialised: dm-devel@redhat.com
[    1.430194] ledtrig-cpu: registered to indicate activity on CPUs
[    1.433032] NET: Registered protocol family 10
[    1.442794] Segment Routing with IPv6
[    1.448524] NET: Registered protocol family 17
[    1.453730] Key type dns_resolver registered
[    1.460934] mce: Using 0 MCE banks
[    1.465163] RAS: Correctable Errors collector initialized.
[    1.475496] sched_clock: Marking stable (1475455833, 0)->(2128410355, -652954522)
[    1.481412] registered taskstats version 1
[    1.487402] Loading compiled-in X.509 certificates
[    1.495013] Loaded X.509 cert 'Build time autogenerated kernel key: f0020782f0d3a548186fb3f47aed88387a71e859'
[    1.504123] zswap: loaded using pool lzo/zbud
[    1.551801] Key type big_key registered
[    1.553385] Key type trusted registered
[    1.558122] Key type encrypted registered
[    1.559846] AppArmor: AppArmor sha1 policy hashing enabled
[    1.561770] ima: No TPM chip found, activating TPM-bypass! (rc=-19)
[    1.564082] ima: Allocated hash algorithm: sha1
[    1.566100] evm: HMAC attrs: 0x1
[    1.567940]   Magic number: 12:14:242
[    1.569682] rtc_cmos rtc_cmos: setting system clock to 2020-03-26 18:12:35 UTC (1585246355)
[    1.572111] BIOS EDD facility v0.16 2004-Jun-25, 0 devices found
[    1.575385] EDD information not available.
[    1.586502] Freeing unused kernel image memory: 2428K
[    1.621220] Write protecting the kernel read-only data: 20480k
[    1.625016] Freeing unused kernel image memory: 2008K
[    1.627833] Freeing unused kernel image memory: 1880K
[    1.638047] x86/mm: Checked W+X mappings: passed, no W+X pages found.
[    1.640288] x86/mm: Checking user space page tables
[    1.654431] x86/mm: Checked W+X mappings: passed, no W+X pages found.
Loading, please wait...
starting version 237
[    1.827832] Fusion MPT base driver 3.04.20
[    1.830088] Copyright (c) 1999-2008 LSI Corporation
[    1.840517] e1000: Intel(R) PRO/1000 Network Driver - version 7.3.21-k8-NAPI
[    1.844437] e1000: Copyright (c) 1999-2006 Intel Corporation.
[    1.869888] Fusion MPT SPI Host driver 3.04.20
[    1.872759] AVX2 version of gcm_enc/dec engaged.
[    1.877652] AES CTR mode by8 optimization enabled
[    1.888007] mptbase: ioc0: Initiating bringup
[    1.996817] ioc0: LSI53C1030 A0: Capabilities={Initiator}
[    2.050139] input: ImExPS/2 Generic Explorer Mouse as /devices/platform/i8042/serio1/input/input4
[    2.275376] scsi host2: ioc0: LSI53C1030 A0, FwRev=00000000h, Ports=1, MaxQ=256, IRQ=20
[    2.452981] scsi 2:0:0:0: Direct-Access     VBOX     HARDDISK         1.0  PQ: 0 ANSI: 5
[    2.516112] scsi target2:0:0: Beginning Domain Validation
[    2.522916] scsi target2:0:0: Domain Validation skipping write tests
[    2.531848] scsi target2:0:0: Ending Domain Validation
[    2.534255] scsi target2:0:0: asynchronous
[    2.537596] scsi 2:0:1:0: Direct-Access     VBOX     HARDDISK         1.0  PQ: 0 ANSI: 5
[    2.840086] scsi target2:0:1: Beginning Domain Validation
[    2.843375] random: fast init done
[    2.846497] scsi target2:0:1: Domain Validation skipping write tests
[    2.848928] scsi target2:0:1: Ending Domain Validation
[    2.851660] scsi target2:0:1: asynchronous
[    2.868829] random: systemd-udevd: uninitialized urandom read (16 bytes read)
[    2.872669] sd 2:0:0:0: Attached scsi generic sg0 type 0
[    2.875996] random: systemd-udevd: uninitialized urandom read (16 bytes read)
[    2.880280] sd 2:0:1:0: Attached scsi generic sg1 type 0
[    2.885328] random: systemd-udevd: uninitialized urandom read (16 bytes read)
[    2.889038] sd 2:0:1:0: [sdb] 20480 512-byte logical blocks: (10.5 MB/10.0 MiB)
[    2.892759] sd 2:0:1:0: [sdb] Write Protect is off
[    2.895252] sd 2:0:1:0: [sdb] Incomplete mode parameter data
[    2.897723] sd 2:0:1:0: [sdb] Assuming drive cache: write through
[    2.903431] sd 2:0:1:0: [sdb] Attached SCSI disk
[    2.912135] sd 2:0:0:0: [sda] 20971520 512-byte logical blocks: (10.7 GB/10.0 GiB)
[    2.916196] sd 2:0:0:0: [sda] Write Protect is off
[    2.918561] sd 2:0:0:0: [sda] Incomplete mode parameter data
[    2.921606] sd 2:0:0:0: [sda] Assuming drive cache: write through
[    2.931614]  sda: sda1
[    2.935579] sd 2:0:0:0: [sda] Attached SCSI disk
[    3.097503] e1000 0000:00:03.0 eth0: (PCI:33MHz:32-bit) 02:63:41:f1:0e:ed
[    3.100347] e1000 0000:00:03.0 eth0: Intel(R) PRO/1000 Network Connection
[    3.706773] e1000 0000:00:08.0 eth1: (PCI:33MHz:32-bit) 08:00:27:bd:27:fc
[    3.709240] e1000 0000:00:08.0 eth1: Intel(R) PRO/1000 Network Connection
[    3.714364] e1000 0000:00:03.0 enp0s3: renamed from eth0
[    3.735397] e1000 0000:00:08.0 enp0s8: renamed from eth1
Begin: Loading essential drivers ... [    5.700627] raid6: sse2x1   gen()  5376 MB/s
[    5.748216] raid6: sse2x1   xor()  4080 MB/s
[    5.800318] raid6: sse2x2   gen()  2739 MB/s
[    5.852242] raid6: sse2x2   xor()   821 MB/s
[    5.904309] raid6: sse2x4   gen()  3183 MB/s
[    5.956239] raid6: sse2x4   xor()  5554 MB/s
[    6.008039] raid6: avx2x1   gen() 12514 MB/s
[    6.056052] raid6: avx2x1   xor()  7115 MB/s
[    6.104631] raid6: avx2x2   gen()  8514 MB/s
[    6.168686] raid6: avx2x2   xor()  5987 MB/s
[    6.216129] raid6: avx2x4   gen() 18194 MB/s
[    6.264255] raid6: avx2x4   xor()  8823 MB/s
[    6.266331] raid6: using algorithm avx2x4 gen() 18194 MB/s
[    6.268447] raid6: .... xor() 8823 MB/s, rmw enabled
[    6.270081] raid6: using avx2x2 recovery algorithm
[    6.273382] xor: automatically using best checksumming function   avx       
[    6.278310] async_tx: api initialized (async)
done.
Begin: Running /scripts/init-premount ... done.
Begin: Mounting root file system ... Begin: Running /scripts/local-top ... done.
Begin: Running /scripts/local-premount ... [    6.363849] Btrfs loaded, crc32c=crc32c-intel
Scanning for Btrfs filesystems
done.
Warning: fsck not present, so skipping root file system
[    6.429025] EXT4-fs (sda1): mounted filesystem with ordered data mode. Opts: (null)
done.
Begin: Running /scripts/local-bottom ... done.
Begin: Running /scripts/init-bottom ... done.
[    6.822935] ip_tables: (C) 2000-2006 Netfilter Core Team
[    6.854573] systemd[1]: systemd 237 running in system mode. (+PAM +AUDIT +SELINUX +IMA +APPARMOR +SMACK +SYSVINIT +UTMP +LIBCRYPTSETUP +GCRYPT +GNUTLS +ACL +XZ +LZ4 +SECCOMP +BLKID +ELFUTILS +KMOD -IDN2 +IDN -PCRE2 default-hierarchy=hybrid)
[    6.862283] systemd[1]: Detected virtualization oracle.
[    6.864083] systemd[1]: Detected architecture x86-64.

Welcome to [1mUbuntu 18.04.4 LTS[0m!

[    6.904790] systemd[1]: Set hostname to <ubuntu>.
[    6.918751] systemd[1]: Initializing machine ID from random generator.
[    6.925627] systemd[1]: Installed transient /etc/machine-id file.
[    7.707587] systemd[1]: Started Forward Password Requests to Wall Directory Watch.
[[0;32m  OK  [0m] Started Forward Password Requests to Wall Directory Watch.
[    7.718568] systemd[1]: Set up automount Arbitrary Executable File Formats File System Automount Point.
[[0;32m  OK  [0m] Set up automount Arbitrary Executabâ€¦rmats File System Automount Point.
[    7.731768] systemd[1]: Created slice User and Session Slice.
[[0;32m  OK  [0m] Created slice User and Session Slice.
[    7.736090] systemd[1]: Reached target User and Group Name Lookups.
[[0;32m  OK  [0m] Reached target User and Group Name Lookups.
[[0;32m  OK  [0m] Reached target Swap.
[[0;32m  OK  [0m] Reached target System Time Synchronized.
[[0;32m  OK  [0m] Created slice System Slice.
[[0;32m  OK  [0m] Listening on Journal Socket.
[[0;32m  OK  [0m] Listening on LVM2 poll daemon socket.
         Starting Load Kernel Modules...
         Starting Remount Root and Kernel File Systems...
[[0;32m  OK  [0m] Listening on Network Service Netlink Socket.
[[0;32m  OK  [0m] Listening on Journal Socket (/dev/log).
[[0;32m  OK  [0m] Created slice system-serial\x2dgetty.slice.
         Starting Create list of required stâ€¦ce nodes for the current kernel...
         Starting Uncomplicated firewall...
         Mounting Huge Pages File System...
         Mounting Kernel Debug File System...
[    7.797083] Loading iSCSI transport class v2.0-870.
         Starting Set the console keyboard layout...
[    7.812566] iscsi: registered transport (tcp)
[[0;32m  OK  [0m] Listening on udev Kernel Socket.
[[0;32m  OK  [0m] Listening on udev Control Socket.
         Starting udev Coldplug all Devices...
[[0;32m  OK  [0m] Listening on Journal Audit Socket.
[[0;32m  OK  [0m] Listening on /dev/initctl Compatibility Named Pipe.
[    7.831621] EXT4-fs (sda1): re-mounted. Opts: (null)
         Mounting POSIX Message Queue File System...
[[0;32m  OK  [0m] Listening on Device-mapper event daemon FIFOs.
[[0;32m  OK  [0m] Listening on Syslog Socket.
         Starting Journal Service...
[[0;32m  OK  [0m] Listening on LVM2 metadata daemon socket.
         Starting Monitoring of LVM2 mirrorsâ€¦ng dmevent[    7.963533] iscsi: registered transport (iser)
d or progress polling...
[[0;32m  OK  [0m] Reached target Slices.
[[0;32m  OK  [0m] Started Load Kernel Modules.
[[0;32m  OK  [0m] Started Remount Root and Kernel File Systems.
[[0;32m  OK  [0m] Started Create list of required staâ€¦vice nodes for the current kernel.
[[0;32m  OK  [0m] Started Uncomplicated firewall.
[[0;32m  OK  [0m] Mounted Huge Pages File System.
[[0;32m  OK  [0m] Mounted Kernel Debug File System.
[[0;32m  OK  [0m] Mounted POSIX Message Queue File System.
         Starting Create Static Device Nodes in /dev...
         Starting Load/Save Random Seed...
         Starting Apply Kernel Variables...
         Mounting Kernel Configuration File System...
         Mounting FUSE Control File System...
[[0;32m  OK  [0m] Mounted FUSE Control File System.
[[0;32m  OK  [0m] Mounted Kernel Configuration File System.
[[0;32m  OK  [0m] Started Journal Service.
         Starting Flush Journal to Persistent Storage...
[[0;32m  OK  [0m] Started LVM2 metadata daemon.
[[0;32m  OK  [0m] Started Load/Save Random Seed.
[[0;32m  OK  [0m] Started udev Coldplug all Devices.
[[0;32m  OK  [0m] Started Create Static Device Nodes in /dev.
         Starting udev Kernel Device Manager...
[    8.382999] systemd-journald[400]: Received request to flush runtime journal from PID 1
[[0;32m  OK  [0m] Started Apply Kernel Variables.
[[0;32m  OK  [0m] Started Set the console keyboard layout.
[[0;32m  OK  [0m] Started Flush Journal to Persistent Storage.
[[0;32m  OK  [0m] Started Monitoring of LVM2 mirrors,â€¦sing dmeventd or progress polling.
[[0;32m  OK  [0m] Reached target Local File Systems (Pre).
[[0;32m  OK  [0m] Reached target Local File Systems.
         Starting AppArmor initialization...
         Starting Tell Plymouth To Write Out Runtime Data...
         Starting Commit a transient machine-id on disk...
         Starting Set console font and keymap...
         Starting ebtables ruleset management...
         Starting Create Volatile Files and Directories...
[[0;32m  OK  [0m] Started Tell Plymouth To Write Out Runtime Data.
[[0;32m  OK  [0m] Started Set console font and keymap.
[[0;32m  OK  [0m] Started Create Volatile Files and Directories.
         Starting Update UTMP about System Boot/Shutdown...
[[0;32m  OK  [0m] Started udev Kernel Device Manager.
[[0;32m  OK  [0m] Started Dispatch Password Requests to Console Directory Watch.
[[0;32m  OK  [0m] Reached target Local Encrypted Volumes.
[[0;32m  OK  [0m] Started Update UTMP about System Boot/Shutdown.
[[0;32m  OK  [0m] Started Commit a transient machine-id on disk.
[[0;32m  OK  [0m] Started ebtables ruleset management.
[[0;32m  OK  [0m] Found device /dev/ttyS0.
[[0;32m  OK  [0m] Listening on Load/Save RF Kill Switch Status /dev/rfkill Watch.
[[0;32m  OK  [0m] Started AppArmor initialization.
         Starting Initial cloud-init job (pre-networking)...
[   14.857093] cloud-init[554]: Cloud-init v. 19.4-33-gbb4131a2-0ubuntu1~18.04.1 running 'init-local' at Thu, 26 Mar 2020 18:12:47 +0000. Up 14.04 seconds.
[[0;32m  OK  [0m] Started Initial cloud-init job (pre-networking).
[[0;32m  OK  [0m] Reached target Network (Pre).
         Starting Network Service...
[[0;32m  OK  [0m] Started Network Service.
         Starting Network Name Resolution...
         Starting Wait for Network to be Configured...
[[0;32m  OK  [0m] Started Network Name Resolution.
[[0;32m  OK  [0m] Reached target Host and Network Name Lookups.
[[0;32m  OK  [0m] Reached target Network.
[[0;32m  OK  [0m] Started Wait for Network to be Configured.
         Starting Initial cloud-init job (metadata service crawler)...
[   20.173852] cloud-init[664]: Cloud-init v. 19.4-33-gbb4131a2-0ubuntu1~18.04.1 running 'init' at Thu, 26 Mar 2020 18:12:52 +0000. Up 19.06 seconds.
[   20.180515] cloud-init[664]: ci-info: ++++++++++++++++++++++++++++++++++++++Net device info++++++++++++++++++++++++++++++++++++++
[   20.185315] cloud-init[664]: ci-info: +--------+-------+---------------------------+---------------+--------+-------------------+
[   20.190890] cloud-init[664]: ci-info: | Device |   Up  |          Address          |      Mask     | Scope  |     Hw-Address    |
[   20.196853] cloud-init[664]: ci-info: +--------+-------+---------------------------+---------------+--------+-------------------+
[   20.201868] cloud-init[664]: ci-info: | enp0s3 |  True |         10.0.2.15         | 255.255.255.0 | global | 02:63:41:f1:0e:ed |
[   20.213184] cloud-init[664]: ci-info: | enp0s3 |  True | fe80::63:41ff:fef1:eed/64 |       .       |  link  | 02:63:41:f1:0e:ed |
[   20.218757] cloud-init[664]: ci-info: | enp0s8 | False |             .             |       .       |   .    | 08:00:27:bd:27:fc |
[   20.224588] cloud-init[664]: ci-info: |   lo   |  True |         127.0.0.1         |   255.0.0.0   |  host  |         .         |
[   20.231135] cloud-init[664]: ci-info: |   lo   |  True |          ::1/128          |       .       |  host  |         .         |
[   20.239281] cloud-init[664]: ci-info: +--------+-------+---------------------------+---------------+--------+-------------------+
[   20.246601] cloud-init[664]: ci-info: ++++++++++++++++++++++++++++Route IPv4 info+++++++++++++++++++++++++++++
[   20.253014] cloud-init[664]: ci-info: +-------+-------------+----------+-----------------+-----------+-------+
[   20.256791] cloud-init[664]: ci-info: | Route | Destination | Gateway  |     Genmask     | Interface | Flags |
[   20.261156] cloud-init[664]: ci-info: +-------+-------------+----------+-----------------+-----------+-------+
[   20.264150] cloud-init[664]: ci-info: |   0   |   0.0.0.0   | 10.0.2.2 |     0.0.0.0     |   enp0s3  |   UG  |
[   20.268443] cloud-init[664]: ci-info: |   1   |   10.0.2.0  | 0.0.0.0  |  255.255.255.0  |   enp0s3  |   U   |
[   20.279372] cloud-init[664]: ci-info: |   2   |   10.0.2.2  | 0.0.0.0  | 255.255.255.255 |   enp0s3  |   UH  |
[   20.283894] cloud-init[664]: ci-info: +-------+-------------+----------+-----------------+-----------+-------+
[   20.299369] cloud-init[664]: ci-info: +++++++++++++++++++Route IPv6 info+++++++++++++++++++
[   20.307607] cloud-init[664]: ci-info: +-------+-------------+---------+-----------+-------+
[   20.311295] cloud-init[664]: ci-info: | Route | Destination | Gateway | Interface | Flags |
[   20.324779] cloud-init[664]: ci-info: +-------+-------------+---------+-----------+-------+
[   20.329279] cloud-init[664]: ci-info: |   1   |  fe80::/64  |    ::   |   enp0s3  |   U   |
[   20.332046] cloud-init[664]: ci-info: |   3   |    local    |    ::   |   enp0s3  |   U   |
[   20.337161] cloud-init[664]: ci-info: |   4   |   ff00::/8  |    ::   |   enp0s3  |   U   |
[   20.353632] cloud-init[664]: ci-info: +-------+-------------+---------+-----------+-------+
[   22.635960] cloud-init[664]: Generating public/private rsa key pair.
[   22.665240] cloud-init[664]: Your identification has been saved in /etc/ssh/ssh_host_rsa_key.
[   22.696462] cloud-init[664]: Your public key has been saved in /etc/ssh/ssh_host_rsa_key.pub.
[   22.706161] cloud-init[664]: The key fingerprint is:
[   22.713122] cloud-init[664]: SHA256:+ryVXGokpmlsrcFI/JAkKskcTAcNpBhMbORSfB9XMRo root@ubuntu-bionic
[   22.720597] cloud-init[664]: The key's randomart image is:
[   22.727757] cloud-init[664]: +---[RSA 2048]----+
[   22.731086] cloud-init[664]: |BO=.    E.+.     |
[   22.734995] cloud-init[664]: |**o.. . .o .     |
[   22.739566] cloud-init[664]: |=+.... o.        |
[   22.743978] cloud-init[664]: |+o.+ ..          |
[   22.749920] cloud-init[664]: |+o  =   S . .    |
[   22.757389] cloud-init[664]: |.  . * * + +     |
[   22.765742] cloud-init[664]: |    . @ . *      |
[   22.769001] cloud-init[664]: |     o = o       |
[   22.772728] cloud-init[664]: |      . +.       |
[   22.775861] cloud-init[664]: +----[SHA256]-----+
[   22.780711] cloud-init[664]: Generating public/private dsa key pair.
[   22.785968] cloud-init[664]: Your identification has been saved in /etc/ssh/ssh_host_dsa_key.
[   22.800572] cloud-init[664]: Your public key has been saved in /etc/ssh/ssh_host_dsa_key.pub.
[   22.811088] cloud-init[664]: The key fingerprint is:
[   22.815989] cloud-init[664]: SHA256:17ByU8TopQ70GbNKxR4kUD8DQwaanwS1776h6tWSZYA root@ubuntu-bionic
[   22.823797] cloud-init[664]: The key's randomart image is:
[   22.830975] cloud-init[664]: +---[DSA 1024]----+
[   22.833271] cloud-init[664]: |    ..+=Bo.o.    |
[   22.836744] cloud-init[664]: |     = o.=B.o    |
[   22.839919] cloud-init[664]: |    E +. ==O.    |
[   22.842748] cloud-init[664]: |     o +o BB     |
[   22.846962] cloud-init[664]: |      o.S+= .    |
[   22.848640] cloud-init[664]: |       *.+..     |
[   22.861091] cloud-init[664]: |      + +        |
[   22.863684] cloud-init[664]: |     . + .       |
[   22.868468] cloud-init[664]: |   .o.. o.       |
[   22.871404] cloud-init[664]: +----[SHA256]-----+
[   22.874903] cloud-init[664]: Generating public/private ecdsa key pair.
[   22.880234] cloud-init[664]: Your identification has been saved in /etc/ssh/ssh_host_ecdsa_key.
[   22.885066] cloud-init[664]: Your public key has been saved in /etc/ssh/ssh_host_ecdsa_key.pub.
[   22.900632] cloud-init[664]: The key fingerprint is:
[   22.907921] cloud-init[664]: SHA256:raIovL9dfw8sGyahGPg/eeWa3Jx50sLCw0+aXELBUgs root@ubuntu-bionic
[   22.944176] cloud-init[664]: The key's randomart image is:
[   22.947344] cloud-init[664]: +---[ECDSA 256]---+
[[0;32m  OK  [0m] Started Initial cloud-init job (metadata service crawler).
[   22.963588] cloud-init[664]: |     E .         |
[[0;32m  OK  [0m] Reached target Cloud-config availability.
[[0;32m  OK  [0m] Reached target Network is Online.
[   22.968653] cloud-init[664]: |      + .        |
[   22.992453] cloud-init[664]: |     . +         |
[   23.001279] cloud-init[664]: |  .   . ..       |
         Starting Availability of block devices...
[[0;32m  OK  [0m] Reached target Remote File Systems (Pre).
[   23.003034] [[0;32m  OK  [0m] Reached target Remote File Systems.
cloud-init[[664]: [0;32m  OK  [0m| . .   oS .      |] 
Reached target System Initialization.
         Starting Socket activation for snappy daemon.
[   23.024880] cloud-init[664]: |  . o o .o.      |
[   23.044908] cloud-init[664]: |.  o .=+=*.o     |
[   23.045660] cloud-init[664]: |.. .o++B&=*+.    |
[   23.045973] cloud-init[664]: | o+ooooB=O= ..   |
[   23.046035] cloud-init[664]: +----[SHA256]-----+
[[0;32m  OK  [0m] Started Daily apt download activities.
[   23.046186] cloud-init[664]: Generating public/private ed25519 key pair.
[   23.053176] [[0;32m  OK  [0m] Started ACPI Events Check.
cloud-init[664]: Your identification has been saved in /etc/ssh/ssh_host_ed25519_key.
         Starting LXD - unix socket.
[   23.073388] cloud-init[664]: [Your public key has been saved in /etc/ssh/ssh_host_ed25519_key.pub.[0;32m  OK  [0m
] Listening on D-Bus System Message Bus Socket.
[[0;32m  OK  [0m] Reached target Paths.
[   23.079085] cloud-init[664]: The key fingerprint is:
[[0;32m  OK  [0m] Listening on UUID daemon activation socket.
[[0;32m  OK  [0m] Listening on ACPID Listen Socket.
[[0;32m  OK  [0m] Listening on Open-iSCSI iscsid Socket.
[[0;32m  OK  [0m] Started Discard unused blocks once a week.
[   23.088416] cloud-init[[664]: [0;32m  OK  [0m] Started Daily apt upgrade and clean activities.
SHA256:fE7Y8TPXhjvXClLcQfkCjM4iGGRVZI7mQ4+QpVmX444 root@ubuntu-bionic[
[0;32m  OK  [0m] Started Message of the Day.
[[0;32m  OK  [0m] Started Daily Cleanup of Temporary Directories.
[[0;32m  OK  [0m] Reached target Timers.
[   23.100547] cloud-init[664]: The key's randomart image is:[[0;32m  OK  [0m] Started Availability of block devices.
[[0;32m  OK  [0m] Listening on Socket activation for snappy daemon.
[[0;32m  OK  [0m] Listening on LXD - unix socket.
[[0;32m  OK  [0m] Reached target Sockets.

[[0;32m  OK  [0m] Reached target Basic System.
[   23.134588] cloud-init[664]: +--[ED25519 256]--+
[   23.137428] cloud-init[664]: |   .o.+o=. o  .. |
         Starting Accounts Service...
[   23.157014] cloud-init[664]: |   ..* =o . o..  |
[   23.170645] cloud-init[664]: |    =o+..+.  ... |
[   23.177644] cloud-init[664]: |    .=.+ooo+ ..+.|
         Starting Dispatcher daemon for systemd-networkd...
         Starting System Logging Service...
         Starting Virtualbox guest utils...
[   23.198837] cloud-init[664]: |      ++S.+ * +.o|
[[   23.283328] cloud-init[664]: |      E..+ . + o.|
[   23.283525] cloud-init[664]: |          o . o o|
[0;32m  OK  [0m] Started FUSE filesystem for LXC.
[   23.305645] cloud-init[664]: |           . . + |
         Starting LXD - container startup/shutdown...
         Starting LSB: automatic crash report generation...
         Starting LSB: Record successful boot for GRUB...
[   23.341127] cloud-init[664]: |              .  |
[   23.409499] cloud-init[664]: +----[SHA256]-----+
[[0;32m  OK  [0m] Started D-Bus System Message Bus.
         Starting Permit User Sessions...
         Starting Login Service...
[[0;32m  OK  [0m] Started Regular background program processing daemon.
[[0;32m  OK  [0m] Started Deferred execution scheduler.
[[0;32m  OK  [0m] Started irqbalance daemon.
         Starting Pollinate to seed the pseudo random number generator...
         Starting Snappy daemon...
[[0;32m  OK  [0m] Started System Logging Service.
[[0;32m  OK  [0m] Started Permit User Sessions.
[[0;32m  OK  [0m] Started Login Service.
[[0;32m  OK  [0m] Started Unattended Upgrades Shutdown.
         Starting Authorization Manager...
         Starting Hold until boot process finishes up...
         Starting Terminate Plymouth Boot Screen...
[[0;32m  OK  [0m] Started Hold until boot process finishes up.
[[0;32m  OK  [0m] Started Serial Getty on ttyS0.
         Starting Set console scheme...
[[0;32m  OK  [0m] Started Terminate Plymouth Boot Screen.
[[0;32m  OK  [0m] Started LSB: automatic crash report generation.
[[0;32m  OK  [0m] Started LSB: Record successful boot for GRUB.
[[0;32m  OK  [0m] Started Set console scheme.
[[0;32m  OK  [0m] Created slice system-getty.slice.
[[0;32m  OK  [0m] Started Getty on tty1.
[[0;32m  OK  [0m] Reached target Login Prompts.
[[0;32m  OK  [0m] Started Authorization Manager.
[[0;32m  OK  [0m] Started Accounts Service.
[[0;32m  OK  [0m] Started LXD - container startup/shutdown.
[[0;32m  OK  [0m] Started Virtualbox guest utils.
[[0;32m  OK  [0m] Started Dispatcher daemon for systemd-networkd.
[[0;32m  OK  [0m] Started Snappy daemon.
         Starting Wait until snapd is fully seeded...
[[0;32m  OK  [0m] Started Pollinate to seed the pseudo random number generator.
         Starting OpenBSD Secure Shell server...
[[0;32m  OK  [0m] Started OpenBSD Secure Shell server.
[[0;32m  OK  [0m] Created slice User Slice of vagrant.
         Starting User Manager for UID 1000...
[[0;32m  OK  [0m] Started Session 1 of user vagrant.
[[0;32m  OK  [0m] Started User Manager for UID 1000.
[[0;32m  OK  [0m] Started Wait until snapd is fully seeded.
         Starting Apply the settings specified in cloud-config...
[[0;32m  OK  [0m] Reached target Multi-User System.
[[0;32m  OK  [0m] Reached target Graphical Interface.
         Starting Update UTMP about System Runlevel Changes...
[[0;32m  OK  [0m] Started Update UTMP about System Runlevel Changes.

Ubuntu 18.04.4 LTS ubuntu-bionic ttyS0

ubuntu-bionic login: [   32.481275] cloud-init[1104]: Cloud-init v. 19.4-33-gbb4131a2-0ubuntu1~18.04.1 running 'modules:config' at Thu, 26 Mar 2020 18:13:04 +0000. Up 30.74 seconds.
ci-info: no authorized SSH keys fingerprints found for user ubuntu.
<14>Mar 26 18:13:08 ec2: 
<14>Mar 26 18:13:08 ec2: #############################################################
<14>Mar 26 18:13:08 ec2: -----BEGIN SSH HOST KEY FINGERPRINTS-----
<14>Mar 26 18:13:08 ec2: 1024 SHA256:17ByU8TopQ70GbNKxR4kUD8DQwaanwS1776h6tWSZYA root@ubuntu-bionic (DSA)
<14>Mar 26 18:13:08 ec2: 256 SHA256:raIovL9dfw8sGyahGPg/eeWa3Jx50sLCw0+aXELBUgs root@ubuntu-bionic (ECDSA)
<14>Mar 26 18:13:08 ec2: 256 SHA256:fE7Y8TPXhjvXClLcQfkCjM4iGGRVZI7mQ4+QpVmX444 root@ubuntu-bionic (ED25519)
<14>Mar 26 18:13:08 ec2: 2048 SHA256:+ryVXGokpmlsrcFI/JAkKskcTAcNpBhMbORSfB9XMRo root@ubuntu-bionic (RSA)
<14>Mar 26 18:13:08 ec2: -----END SSH HOST KEY FINGERPRINTS-----
<14>Mar 26 18:13:08 ec2: #############################################################
-----BEGIN SSH HOST KEY KEYS-----
ecdsa-sha2-nistp256 AAAAE2VjZHNhLXNoYTItbmlzdHAyNTYAAAAIbmlzdHAyNTYAAABBBHQZ1aA1hJR39+zByh5MNlZhqPfufTwi8oC/3zGonBjrppdeBlh7dF69/dB2553/bLStKHmlhtoDYxdmMHriJgM= root@ubuntu-bionic
ssh-ed25519 AAAAC3NzaC1lZDI1NTE5AAAAIJblBVgn7/DUWK6130skTi18XgQ1M+FVyUSvwk0Iiqzy root@ubuntu-bionic
ssh-rsa AAAAB3NzaC1yc2EAAAADAQABAAABAQC0PL6XYqlbcx77boVKtaPQrp2cXw22v9uyDEQBmV6G5YbalUadojqtzApKyQCpxohVn69UEH5rNb6IDe31rg1uMFIVDdtGA/famiPbdto4A97da+EnQDYVoSj5ckcNjc/toDjJH9qz0fMKe3ZqcdQGFmSBJa5GS2EQSIFxdy4EHTtGYkgZP/WQy2HLKKmz/wj9msE0b+LqiM/28T5w/FsJIaIZ7zPdCwwCdZY0J107Ocg+TL5y2qykFxwUtWfsAi5DqOrpQqXlL4VdfoHzwP/v2VKv/sOk/5U5hgggJEBHpUbrDiLTqSo9cTBf+GirND4f5uSvJjsdFCbmb4kTE8Kl root@ubuntu-bionic
-----END SSH HOST KEY KEYS-----
[   34.676646] cloud-init[1258]: Cloud-init v. 19.4-33-gbb4131a2-0ubuntu1~18.04.1 running 'modules:final' at Thu, 26 Mar 2020 18:13:08 +0000. Up 34.08 seconds.
[   34.676884] cloud-init[1258]: ci-info: no authorized SSH keys fingerprints found for user ubuntu.
[   34.677150] cloud-init[1258]: Cloud-init v. 19.4-33-gbb4131a2-0ubuntu1~18.04.1 finished at Thu, 26 Mar 2020 18:13:08 +0000. Datasource DataSourceNoCloud [seed=/dev/sdb][dsmode=net].  Up 34.64 seconds
